
> psiquiatria-titulo-app@1.0.0 build
> tsc && vite build

src/components/SimulationPage.tsx(23,9): error TS6133: 'showExplanation' is declared but its value is never read.
src/components/SimulationPage.tsx(28,9): error TS6133: 'toggleExplanation' is declared but its value is never read.
src/components/SimulationResults.tsx(17,52): error TS6133: 'Legend' is declared but its value is never read.
src/components/StatisticsPanel.tsx(195,72): error TS6133: 'name' is declared but its value is never read.
src/components/TrendsPage.tsx(9,5): error TS6133: 'AlertTriangle' is declared but its value is never read.
src/components/TrendsPage.tsx(11,5): error TS6133: 'Search' is declared but its value is never read.
src/components/TrendsPage.tsx(21,5): error TS6133: 'BarChart' is declared but its value is never read.
src/components/TrendsPage.tsx(22,5): error TS6133: 'Bar' is declared but its value is never read.
src/components/TrendsPage.tsx(23,5): error TS6133: 'Cell' is declared but its value is never read.
src/components/TrendsPage.tsx(24,5): error TS6133: 'ReferenceLine' is declared but its value is never read.
src/components/TrendsPage.tsx(95,65): error TS6133: 'idx' is declared but its value is never read.
src/store/simulationStore.ts(2,52): error TS6133: 'SimulationStats' is declared but its value is never read.
src/store/simulationStore.ts(3,30): error TS6133: 'getQuestionById' is declared but its value is never read.
src/store/userStore.ts(113,15): error TS2741: Property 'streak' is missing in type '{ totalSimulations: number; totalQuestionsAnswered: number; overallAccuracy: number; byTheme: Partial<Record<PsychiatryTheme, { totalAttempts: number; correctAnswers: number; accuracy: number; trend: "improving" | "stable" | "declining"; recentAccuracy: number; commonMistakes: string[]; }>>; trends: { ...; }; lastUp...' but required in type 'UserProgress'.
